Running Gradle task 'assembleDebug'...                             53.8s
ΓêÜ Built build\app\outputs\flutter-apk\app-debug.apk
